
> loko@0.1.0 build
> next build

▲ Next.js 16.1.1 (Turbopack)
- Environments: .env

  Creating an optimized production build ...

> Build error occurred
Error: Turbopack build failed with 3 errors:
./src/lib/prisma.ts:2:1
Module not found: Can't resolve '@prisma/adapter-pg'
[0m [90m 1 |[39m [36mimport[39m { [33mPrismaClient[39m } [36mfrom[39m [32m'@prisma/client'[39m[33m;[39m
[31m[1m>[22m[39m[90m 2 |[39m [36mimport[39m { [33mPrismaPg[39m } [36mfrom[39m [32m'@prisma/adapter-pg'[39m[33m;[39m
 [90m   |[39m [31m[1m^[22m[39m[31m[1m^[22m[39m[31m[1m^[22m[39m[31m[1m^[22m[39m[31m[1m^[22m[39m[31m[1m^[22m[39m[31m[1m^[22m[39m[31m[1m^[22m[39m[31m[1m^[22m[39m[31m[1m^[22m[39m[31m[1m^[22m[39m[31m[1m^[22m[39m[31m[1m^[22m[39m[31m[1m^[22m[39m[31m[1m^[22m[39m[31m[1m^[22m[39m[31m[1m^[22m[39m[31m[1m^[22m[39m[31m[1m^[22m[39m[31m[1m^[22m[39m[31m[1m^[22m[39m[31m[1m^[22m[39m[31m[1m^[22m[39m[31m[1m^[22m[39m[31m[1m^[22m[39m[31m[1m^[22m[39m[31m[1m^[22m[39m[31m[1m^[22m[39m[31m[1m^[22m[39m[31m[1m^[22m[39m[31m[1m^[22m[39m[31m[1m^[22m[39m[31m[1m^[22m[39m[31m[1m^[22m[39m[31m[1m^[22m[39m[31m[1m^[22m[39m[31m[1m^[22m[39m[31m[1m^[22m[39m[31m[1m^[22m[39m[31m[1m^[22m[39m[31m[1m^[22m[39m[31m[1m^[22m[39m[31m[1m^[22m[39m[31m[1m^[22m[39m[31m[1m^[22m[39m[31m[1m^[22m[39m
 [90m 3 |[39m
 [90m 4 |[39m [36mconst[39m globalForPrisma [33m=[39m global [36mas[39m unknown [36mas[39m {
 [90m 5 |[39m   prisma[33m:[39m [33mPrismaClient[39m[33m;[39m[0m



Import traces:
  Server Component:
    ./src/lib/prisma.ts
    ./src/app/actions/delivery.ts

  App Route:
    ./src/lib/prisma.ts
    ./src/lib/auth.ts
    ./src/app/api/auth/[...nextauth]/route.ts

https://nextjs.org/docs/messages/module-not-found


./src/app/actions/delivery.ts:3:1
Export prisma doesn't exist in target module
[0m [90m 1 |[39m [32m'use server'[39m[33m;[39m
 [90m 2 |[39m
[31m[1m>[22m[39m[90m 3 |[39m [36mimport[39m { prisma } [36mfrom[39m [32m'@/lib/prisma'[39m[33m;[39m
 [90m   |[39m [31m[1m^[22m[39m[31m[1m^[22m[39m[31m[1m^[22m[39m[31m[1m^[22m[39m[31m[1m^[22m[39m[31m[1m^[22m[39m[31m[1m^[22m[39m[31m[1m^[22m[39m[31m[1m^[22m[39m[31m[1m^[22m[39m[31m[1m^[22m[39m[31m[1m^[22m[39m[31m[1m^[22m[39m[31m[1m^[22m[39m[31m[1m^[22m[39m[31m[1m^[22m[39m[31m[1m^[22m[39m[31m[1m^[22m[39m[31m[1m^[22m[39m[31m[1m^[22m[39m[31m[1m^[22m[39m[31m[1m^[22m[39m[31m[1m^[22m[39m[31m[1m^[22m[39m[31m[1m^[22m[39m[31m[1m^[22m[39m[31m[1m^[22m[39m[31m[1m^[22m[39m[31m[1m^[22m[39m[31m[1m^[22m[39m[31m[1m^[22m[39m[31m[1m^[22m[39m[31m[1m^[22m[39m[31m[1m^[22m[39m[31m[1m^[22m[39m[31m[1m^[22m[39m[31m[1m^[22m[39m[31m[1m^[22m[39m
 [90m 4 |[39m [36mimport[39m { createDeliverySchema } [36mfrom[39m [32m'@/lib/schemas'[39m[33m;[39m
 [90m 5 |[39m [36mimport[39m { revalidatePath } [36mfrom[39m [32m'next/cache'[39m[33m;[39m
 [90m 6 |[39m [36mimport[39m { redirect } [36mfrom[39m [32m'next/navigation'[39m[33m;[39m[0m

The export prisma was not found in module [project]/src/lib/prisma.ts [app-rsc] (ecmascript).
Did you mean to import default?
All exports of the module are statically known (It doesn't have dynamic exports). So it's known statically that the requested export doesn't exist.


./src/lib/auth.ts:3:1
Export prisma doesn't exist in target module
[0m [90m 1 |[39m [36mimport[39m [33mNextAuth[39m [36mfrom[39m [32m'next-auth'[39m[33m;[39m
 [90m 2 |[39m [36mimport[39m { [33mPrismaAdapter[39m } [36mfrom[39m [32m'@auth/prisma-adapter'[39m[33m;[39m
[31m[1m>[22m[39m[90m 3 |[39m [36mimport[39m { prisma } [36mfrom[39m [32m'./prisma'[39m[33m;[39m
 [90m   |[39m [31m[1m^[22m[39m[31m[1m^[22m[39m[31m[1m^[22m[39m[31m[1m^[22m[39m[31m[1m^[22m[39m[31m[1m^[22m[39m[31m[1m^[22m[39m[31m[1m^[22m[39m[31m[1m^[22m[39m[31m[1m^[22m[39m[31m[1m^[22m[39m[31m[1m^[22m[39m[31m[1m^[22m[39m[31m[1m^[22m[39m[31m[1m^[22m[39m[31m[1m^[22m[39m[31m[1m^[22m[39m[31m[1m^[22m[39m[31m[1m^[22m[39m[31m[1m^[22m[39m[31m[1m^[22m[39m[31m[1m^[22m[39m[31m[1m^[22m[39m[31m[1m^[22m[39m[31m[1m^[22m[39m[31m[1m^[22m[39m[31m[1m^[22m[39m[31m[1m^[22m[39m[31m[1m^[22m[39m[31m[1m^[22m[39m[31m[1m^[22m[39m[31m[1m^[22m[39m[31m[1m^[22m[39m[31m[1m^[22m[39m
 [90m 4 |[39m [36mexport[39m [36mconst[39m { handlers[33m,[39m auth[33m,[39m signIn[33m,[39m signOut } [33m=[39m [33mNextAuth[39m({
 [90m 5 |[39m   adapter[33m:[39m [33mPrismaAdapter[39m(prisma)[33m,[39m
 [90m 6 |[39m   providers[33m:[39m [][33m,[39m[0m

The export prisma was not found in module [project]/src/lib/prisma.ts [app-route] (ecmascript).
Did you mean to import default?
All exports of the module are statically known (It doesn't have dynamic exports). So it's known statically that the requested export doesn't exist.

Import trace:
  App Route:
    ./src/lib/auth.ts
    ./src/app/api/auth/[...nextauth]/route.ts


    at <unknown> (./src/lib/prisma.ts:2:1)
    at <unknown> (https://nextjs.org/docs/messages/module-not-found)
    at <unknown> (./src/app/actions/delivery.ts:3:1)
    at <unknown> (./src/lib/auth.ts:3:1)
